Microchip MPLAB XC8 Compiler V2.45

Linker command line:

-W-3 \
  --edf=C:\Program Files\Microchip\xc8\v2.45\pic\dat\20230818022343_en.msgs \
  -cn -h+dist/default/production\SmartHome.X.production.sym \
  --cmf=dist/default/production\SmartHome.X.production.cmf -z -Q18F46K20 \
  -oC:\Users\DELL\AppData\Local\Temp\xcBsb94.1\driver_tmp_3.o \
  --defsym=__MPLAB_BUILD=1 --fixupoverflow=error \
  -Mdist/default/production/SmartHome.X.production.map \
  --md=C:\Users\DELL\AppData\Local\Temp\xcBsb94.1\driver_tmp_0.dat -E1 \
  -ver=XC8 Compiler --acfsm=1493 -ACODE=00h-0FFFFh -ACONST=00h-0FFFFh \
  -ASMALLCONST=01000h-010FFhx240 -AMEDIUMCONST=01000h-0FFFFh \
  -ACOMRAM=01h-05Fh -AABS1=00h-0F5Fh -ABIGRAM=01h-0F5Fh \
  -ARAM=060h-0FFh,0100h-01FFhx14,0F00h-0F5Fh -ABANK0=060h-0FFh \
  -ABANK1=0100h-01FFh -ABANK2=0200h-02FFh -ABANK3=0300h-03FFh \
  -ABANK4=0400h-04FFh -ABANK5=0500h-05FFh -ABANK6=0600h-06FFh \
  -ABANK7=0700h-07FFh -ABANK8=0800h-08FFh -ABANK9=0900h-09FFh \
  -ABANK10=0A00h-0AFFh -ABANK11=0B00h-0BFFh -ABANK12=0C00h-0CFFh \
  -ABANK13=0D00h-0DFFh -ABANK14=0E00h-0EFFh -ABANK15=0F00h-0F5Fh \
  -ASFR=0F60h-0FFFh -ABIGSFR=0F60h-0FFFh -ACONFIG=0300000h-030000Dh \
  -AIDLOC=0200000h-0200007h -AEEDATA=0F00000h-0F003FFh -peeprom_data=EEDATA \
  -preset_vec=00h,intcode=08h,intcodelo=018h,powerup,init -pramtop=01000h \
  -psmallconst=SMALLCONST -pmediumconst=MEDIUMCONST -pconst=CONST \
  -AFARRAM=00h-00h \
  -prdata=COMRAM,nvrram=COMRAM,nvbit=COMRAM,rbss=COMRAM,rbit=COMRAM \
  -pfarbss=FARRAM,fardata=FARRAM,nvFARRAM=FARRAM \
  -pintsave_regs=BIGRAM,bigbss=BIGRAM,bigdata=BIGRAM -pbss=RAM \
  -pidata=CODE,irdata=CODE,ibigdata=CODE,ifardata=CODE -prparam=COMRAM \
  C:\Users\DELL\AppData\Local\Temp\xcBsb94.1\driver_tmp_14.o \
  dist/default/production\SmartHome.X.production.o 

Object code version is 3.11

Machine type is 18F46K20



                Name                               Link     Load   Length Selector   Space Scale
C:\Users\DELL\AppData\Local\Temp\xcBsb94.1\driver_tmp_14.o
                config                           300000   300000        E        0       4
                init                                 66       66        4        C       0
                reset_vec                             0        0        4        0       0
dist/default/production\SmartHome.X.production.o
                intcodelo                            18       18       4E        C       0
                intcode                               8        8        6        4       0
                config                           300000   300000        E        0       4
                temp                                 41       41        1        1       1
                smallconst                         1000     1000       A8      800       0
                text119                            35FC     35FC        4      854       0
                text118                            35F8     35F8        4      854       0
                text117                            339A     339A       24      854       0
                text116                            2BBE     2BBE       66      854       0
                text115                            3458     3458       18      854       0
                text114                            32B2     32B2       2C      854       0
                text113                            3286     3286       2C      854       0
                text112                            325A     325A       2C      854       0
                text111                            322E     322E       2C      854       0
                text110                            2F6E     2F6E       42      854       0
                text109                            35F4     35F4        4      854       0
                text108                            35F0     35F0        4      854       0
                text107                            35EC     35EC        4      854       0
                text106                            35C6     35C6        6      854       0
                text105                            35E8     35E8        4      854       0
                text104                            35C0     35C0        6      854       0
                text103                            35B2     35B2        8      854       0
                text102                            349A     349A       14      854       0
                text101                            35E4     35E4        4      854       0
                text100                            27E4     27E4       7C      854       0
                text99                             34F4     34F4        C      854       0
                text98                             34BE     34BE       10      854       0
                text97                             34AE     34AE       10      854       0
                text96                             2248     2248       C4      854       0
                text95                             2514     2514       A6      854       0
                text94                             34E8     34E8        C      854       0
                text93                             35AA     35AA        8      854       0
                text92                             35A2     35A2        8      854       0
                text91                             359A     359A        8      854       0
                text90                             3592     3592        8      854       0
                text89                             358A     358A        8      854       0
                text88                             3582     3582        8      854       0
                text87                             357A     357A        8      854       0
                text86                             34DC     34DC        C      854       0
                text85                             2B58     2B58       66      854       0
                text84                             35E0     35E0        4      854       0
                text83                             2946     2946       6E      854       0
                text82                             35BA     35BA        6      854       0
                text81                             26E6     26E6       80      854       0
                text80                             3608     3608        2      854       0
                text79                             3202     3202       2C      854       0
                text78                             3572     3572        8      854       0
                text77                             3150     3150       2E      854       0
                text76                             3606     3606        2      854       0
                text75                             31D6     31D6       2C      854       0
                text74                             356A     356A        8      854       0
                text73                             32DE     32DE       2A      854       0
                text72                             3604     3604        2      854       0
                text71                             31AA     31AA       2C      854       0
                text70                             3562     3562        8      854       0
                intcode_body                       1F34     1F34      118      854       0
                text68                             2A88     2A88       6A      854       0
                text67                             3602     3602        2      854       0
                text66                             3122     3122       2E      854       0
                text64                             2FB0     2FB0       40      854       0
                text63                             35DC     35DC        4      854       0
                text62                             35D8     35D8        4      854       0
                text61                             35D4     35D4        4      854       0
                text60                             30F4     30F4       2E      854       0
                text59                             35D0     35D0        4      854       0
                text58                             2F2A     2F2A       44      854       0
                text57                             355A     355A        8      854       0
                text56                             35CC     35CC        4      854       0
                text55                             33BE     33BE       22      854       0
                text54                             3550     3550        A      854       0
                text53                             25BA     25BA       A2      854       0
                text52                             2A1E     2A1E       6A      854       0
                text51                             3440     3440       18      854       0
                text50                             3376     3376       24      854       0
                text49                             3428     3428       18      854       0
                text48                             2766     2766       7E      854       0
                text47                             3410     3410       18      854       0
                text46                             2860     2860       74      854       0
                text45                             3470     3470       16      854       0
                text44                             204C     204C      10E      854       0
                text43                             215A     215A       EE      854       0
                text42                             246E     246E       A6      854       0
                text41                             265C     265C       8A      854       0
                text40                             302E     302E       36      854       0
                text39                             3600     3600        2      854       0
                text38                             230C     230C       BC      854       0
                text37                             10A8     10A8      4BC      854       0
                text36                             2E54     2E54       4C      854       0
                text35                             3352     3352       24      854       0
                text34                             1DEE     1DEE      146      854       0
                text33                             28D4     28D4       72      854       0
                text32                             1AE4     1AE4      1A4      854       0
                text31                             2E00     2E00       54      854       0
                text30                             2DAA     2DAA       56      854       0
                text29                             1940     1940      1A4      854       0
                text28                             23C8     23C8       A6      854       0
                text27                             2AF2     2AF2       66      854       0
                text26                             1C88     1C88      166      854       0
                text25                             1766     1766      1DA      854       0
                text24                             29B4     29B4       6A      854       0
                text23                             30C6     30C6       2E      854       0
                text22                             33F8     33F8       18      854       0
                text21                             2CE8     2CE8       62      854       0
                text20                             2C86     2C86       62      854       0
                text19                             3098     3098       2E      854       0
                text18                             2C24     2C24       62      854       0
                text17                             33E0     33E0       18      854       0
                text16                             3546     3546        A      854       0
                text15                             3308     3308       26      854       0
                text14                             353C     353C        A      854       0
                text13                             3532     3532        A      854       0
                text12                             3528     3528        A      854       0
                text11                             2EE6     2EE6       44      854       0
                text10                             351E     351E        A      854       0
                text9                              3514     3514        A      854       0
                text8                              350A     350A        A      854       0
                text7                              2FF0     2FF0       3E      854       0
                text6                              3486     3486       14      854       0
                text5                              34CE     34CE        E      854       0
                text4                              3500     3500        A      854       0
                text3                              3064     3064       34      854       0
                text2                              332E     332E       24      854       0
                text1                              2EA0     2EA0       46      854       0
                text0                              1564     1564      202      854       0
                cstackCOMRAM                          1        1       20        1       1
                cstackBANK0                          D8       D8       26       60       1
                cstackBANK1                         100      100       24      100       1
                bssBANK1                            124      124       20      100       1
                dataBANK0                            AC       AC       2C       60       1
                bssBANK0                             60       60       4C       60       1
                dataCOMRAM                           40       40        1        1       1
                bssCOMRAM                            21       21       17        1       1
                cinit                              2D4A     2D4A       60      854       0
                nvBANK1                             144      144        4      100       1
                nvBANK0                              FE       FE        2       60       1
                nvCOMRAM                             38       38        8        1       1
                idataBANK0                         317E     317E       2C      854       0
                idataCOMRAM                        360A     360A        1      854       0

TOTAL           Name                               Link     Load   Length     Space
        CLASS   CODE           
                intcodelo                            18       18       4E         0
                intcode                               8        8        6         0
                init                                 66       66        4         0
                reset_vec                             0        0        4         0
                text119                            35FC     35FC        4         0
                text118                            35F8     35F8        4         0
                text117                            339A     339A       24         0
                text116                            2BBE     2BBE       66         0
                text115                            3458     3458       18         0
                text114                            32B2     32B2       2C         0
                text113                            3286     3286       2C         0
                text112                            325A     325A       2C         0
                text111                            322E     322E       2C         0
                text110                            2F6E     2F6E       42         0
                text109                            35F4     35F4        4         0
                text108                            35F0     35F0        4         0
                text107                            35EC     35EC        4         0
                text106                            35C6     35C6        6         0
                text105                            35E8     35E8        4         0
                text104                            35C0     35C0        6         0
                text103                            35B2     35B2        8         0
                text102                            349A     349A       14         0
                text101                            35E4     35E4        4         0
                text100                            27E4     27E4       7C         0
                text99                             34F4     34F4        C         0
                text98                             34BE     34BE       10         0
                text97                             34AE     34AE       10         0
                text96                             2248     2248       C4         0
                text95                             2514     2514       A6         0
                text94                             34E8     34E8        C         0
                text93                             35AA     35AA        8         0
                text92                             35A2     35A2        8         0
                text91                             359A     359A        8         0
                text90                             3592     3592        8         0
                text89                             358A     358A        8         0
                text88                             3582     3582        8         0
                text87                             357A     357A        8         0
                text86                             34DC     34DC        C         0
                text85                             2B58     2B58       66         0
                text84                             35E0     35E0        4         0
                text83                             2946     2946       6E         0
                text82                             35BA     35BA        6         0
                text81                             26E6     26E6       80         0
                text80                             3608     3608        2         0
                text79                             3202     3202       2C         0
                text78                             3572     3572        8         0
                text77                             3150     3150       2E         0
                text76                             3606     3606        2         0
                text75                             31D6     31D6       2C         0
                text74                             356A     356A        8         0
                text73                             32DE     32DE       2A         0
                text72                             3604     3604        2         0
                text71                             31AA     31AA       2C         0
                text70                             3562     3562        8         0
                intcode_body                       1F34     1F34      118         0
                text68                             2A88     2A88       6A         0
                text67                             3602     3602        2         0
                text66                             3122     3122       2E         0
                text64                             2FB0     2FB0       40         0
                text63                             35DC     35DC        4         0
                text62                             35D8     35D8        4         0
                text61                             35D4     35D4        4         0
                text60                             30F4     30F4       2E         0
                text59                             35D0     35D0        4         0
                text58                             2F2A     2F2A       44         0
                text57                             355A     355A        8         0
                text56                             35CC     35CC        4         0
                text55                             33BE     33BE       22         0
                text54                             3550     3550        A         0
                text53                             25BA     25BA       A2         0
                text52                             2A1E     2A1E       6A         0
                text51                             3440     3440       18         0
                text50                             3376     3376       24         0
                text49                             3428     3428       18         0
                text48                             2766     2766       7E         0
                text47                             3410     3410       18         0
                text46                             2860     2860       74         0
                text45                             3470     3470       16         0
                text44                             204C     204C      10E         0
                text43                             215A     215A       EE         0
                text42                             246E     246E       A6         0
                text41                             265C     265C       8A         0
                text40                             302E     302E       36         0
                text39                             3600     3600        2         0
                text38                             230C     230C       BC         0
                text37                             10A8     10A8      4BC         0
                text36                             2E54     2E54       4C         0
                text35                             3352     3352       24         0
                text34                             1DEE     1DEE      146         0
                text33                             28D4     28D4       72         0
                text32                             1AE4     1AE4      1A4         0
                text31                             2E00     2E00       54         0
                text30                             2DAA     2DAA       56         0
                text29                             1940     1940      1A4         0
                text28                             23C8     23C8       A6         0
                text27                             2AF2     2AF2       66         0
                text26                             1C88     1C88      166         0
                text25                             1766     1766      1DA         0
                text24                             29B4     29B4       6A         0
                text23                             30C6     30C6       2E         0
                text22                             33F8     33F8       18         0
                text21                             2CE8     2CE8       62         0
                text20                             2C86     2C86       62         0
                text19                             3098     3098       2E         0
                text18                             2C24     2C24       62         0
                text17                             33E0     33E0       18         0
                text16                             3546     3546        A         0
                text15                             3308     3308       26         0
                text14                             353C     353C        A         0
                text13                             3532     3532        A         0
                text12                             3528     3528        A         0
                text11                             2EE6     2EE6       44         0
                text10                             351E     351E        A         0
                text9                              3514     3514        A         0
                text8                              350A     350A        A         0
                text7                              2FF0     2FF0       3E         0
                text6                              3486     3486       14         0
                text5                              34CE     34CE        E         0
                text4                              3500     3500        A         0
                text3                              3064     3064       34         0
                text2                              332E     332E       24         0
                text1                              2EA0     2EA0       46         0
                text0                              1564     1564      202         0
                cinit                              2D4A     2D4A       60         0
                idataBANK0                         317E     317E       2C         0
                idataCOMRAM                        360A     360A        1         0

        CLASS   CONST          

        CLASS   SMALLCONST     
                smallconst                         1000     1000       A8         0

        CLASS   MEDIUMCONST    

        CLASS   COMRAM         
                temp                                 41       41        1         1
                cstackCOMRAM                          1        1       20         1
                dataCOMRAM                           40       40        1         1
                bssCOMRAM                            21       21       17         1
                nvCOMRAM                             38       38        8         1

        CLASS   ABS1           

        CLASS   BIGRAM         

        CLASS   RAM            

        CLASS   BANK0          
                cstackBANK0                          D8       D8       26         1
                dataBANK0                            AC       AC       2C         1
                bssBANK0                             60       60       4C         1
                nvBANK0                              FE       FE        2         1

        CLASS   BANK1          
                cstackBANK1                         100      100       24         1
                bssBANK1                            124      124       20         1
                nvBANK1                             144      144        4         1

        CLASS   BANK2          

        CLASS   BANK3          

        CLASS   BANK4          

        CLASS   BANK5          

        CLASS   BANK6          

        CLASS   BANK7          

        CLASS   BANK8          

        CLASS   BANK9          

        CLASS   BANK10         

        CLASS   BANK11         

        CLASS   BANK12         

        CLASS   BANK13         

        CLASS   BANK14         

        CLASS   BANK15         

        CLASS   SFR            

        CLASS   BIGSFR         

        CLASS   CONFIG         
                config                           300000   300000        E         4

        CLASS   IDLOC          

        CLASS   EEDATA         

        CLASS   FARRAM         

        CLASS   HEAP           

        CLASS   STACK          



SEGMENTS        Name                           Load    Length   Top    Selector   Space  Class

                reset_vec                      000000  000004  000004         0       0  CODE    
                cstackCOMRAM                   000001  000041  000042         1       1  COMRAM  
                intcode                        000008  000006  00000E         4       0  CODE    
                intcodelo                      000018  000052  00006A         C       0  CODE    
                bssBANK0                       000060  0000A0  000100        60       1  BANK0   
                cstackBANK1                    000100  000048  000148       100       1  BANK1   
                smallconst                     001000  0000A8  0010A8       800       0  SMALLCON
                text37                         0010A8  002563  00360B       854       0  CODE    


UNUSED ADDRESS RANGES

        Name                Unused          Largest block    Delta
        BANK1            000148-0001FF               B8
        BANK10           000A00-000AFF              100
        BANK11           000B00-000BFF              100
        BANK12           000C00-000CFF              100
        BANK13           000D00-000DFF              100
        BANK14           000E00-000EFF              100
        BANK15           000F00-000F5F               60
        BANK2            000200-0002FF              100
        BANK3            000300-0003FF              100
        BANK4            000400-0004FF              100
        BANK5            000500-0005FF              100
        BANK6            000600-0006FF              100
        BANK7            000700-0007FF              100
        BANK8            000800-0008FF              100
        BANK9            000900-0009FF              100
        BIGRAM           000042-00005F               1E
                         000148-000F5F              E18
        BIGSFR           000F60-000FFF               A0
        CODE             000004-000007                4
                         00000E-000017                A
                         00006A-000FFF              F96
                         00360B-00FFFF             C9F5
        COMRAM           000042-00005F               1E
        CONST            000004-000007                4
                         00000E-000017                A
                         00006A-000FFF              F96
                         00360B-00FFFF             C9F5
        EEDATA           F00000-F003FF              400
        IDLOC            200000-200007                8
        MEDIUMCONST      00360B-00FFFF             C9F5
        RAM              000148-000F5F              100
        SFR              000F60-000FFF               A0
        SMALLCONST       00360B-00FFFF              100

                                  Symbol Table

?_ADC_GetConversion                            cstackBANK0  0000D8
?_GetDataAndTime                               cstackBANK0  0000E4
?___aldiv                                      cstackBANK0  0000D8
?___almod                                      cstackBANK0  0000D8
?___lldiv                                      cstackBANK0  0000D8
?___llmod                                      cstackBANK0  0000D8
?_abs                                          cstackBANK0  0000E2
?_printf                                       cstackBANK0  0000FC
?_sprintf                                      cstackBANK1  000100
?_strlen                                       cstackBANK0  0000D8
?_vfprintf                                     cstackBANK0  0000F6
ADC_GetConversion@channel                      cstackBANK0  0000DC
ADC_SetInterruptHandler@InterruptHandler       cstackBANK0  0000D8
EUSART_SendString@len                          cstackBANK0  0000DE
EUSART_SendString@str                          cstackBANK0  0000DC
EUSART_SetErrorHandler@interruptHandler        cstackBANK0  0000D8
EUSART_SetFramingErrorHandler@interruptHandler cstackBANK0  0000D8
EUSART_SetOverrunErrorHandler@interruptHandler cstackBANK0  0000D8
EUSART_Write@txData                            cstackBANK0  0000D8
EXTEEPROM_ReadByte@Byteadd                     cstackBANK0  0000E4
EXTEEPROM_ReadByte@Eadd                        cstackBANK0  0000E5
EXTEEPROM_ReadByte@read                        cstackBANK0  0000E6
EXTEEPROM_WriteByte@Byteadd                    cstackBANK0  0000E4
EXTEEPROM_WriteByte@Eadd                       cstackBANK0  0000E6
EXTEEPROM_WriteByte@data                       cstackBANK0  0000E5
I2C_CallbackReturnReset@funPtr                 cstackCOMRAM 00000A
I2C_Close@returnValue                          cstackBANK0  0000D8
I2C_MasterOperation@read                       cstackBANK0  0000D8
I2C_MasterOperation@returnValue                cstackBANK0  0000D9
I2C_MasterSendTxData@data                      cstackCOMRAM 000001
I2C_Open@address                               cstackBANK0  0000DA
I2C_Open@returnValue                           cstackBANK0  0000DB
I2C_Read1ByteRegister@address                  cstackBANK0  0000E2
I2C_Read1ByteRegister@reg                      cstackBANK0  0000E1
I2C_Read1ByteRegister@returnValue              cstackBANK0  0000E3
I2C_SetAddressNackCallback@cb                  cstackBANK0  0000DD
I2C_SetAddressNackCallback@ptr                 cstackBANK0  0000DF
I2C_SetBuffer@buffer                           cstackBANK0  0000D8
I2C_SetBuffer@bufferSize                       cstackBANK0  0000DA
I2C_SetCallback@cb                             cstackBANK0  0000D8
I2C_SetCallback@idx                            cstackBANK0  0000DC
I2C_SetCallback@ptr                            cstackBANK0  0000DA
I2C_SetDataCompleteCallback@cb                 cstackBANK0  0000DD
I2C_SetDataCompleteCallback@ptr                cstackBANK0  0000DF
I2C_SetInterruptHandler@InterruptHandler       cstackBANK0  0000D8
I2C_Write1ByteRegister@address                 cstackBANK0  0000E3
I2C_Write1ByteRegister@data                    cstackBANK0  0000E2
I2C_Write1ByteRegister@reg                     cstackBANK0  0000E1
INT0_SetInterruptHandler@InterruptHandler      cstackBANK0  0000D8
INT1_SetInterruptHandler@InterruptHandler      cstackBANK0  0000D8
INT2_SetInterruptHandler@InterruptHandler      cstackBANK0  0000D8
LCD4B_SENDCHAR@F3689                           bssBANK0     00008E
LCD4B_SENDCHAR@data                            cstackBANK1  00010F
LCD4B_SENDCHAR@i                               cstackBANK1  000113
LCD4B_SENDCHAR@i_2509                          cstackBANK1  000115
LCD4B_SENDCHAR@lcd                             cstackBANK1  00010E
LCD4B_SENDCHAR@pinptr                          cstackBANK1  000117
LCD4B_SENDCHAR@ret                             cstackBANK1  000112
LCD4B_SENDCHARPOS@F3699                        bssCOMRAM    000030
LCD4B_SENDCMD@F3681                            bssBANK0     00008F
LCD4B_SENDCMD@cmd                              cstackBANK1  00010F
LCD4B_SENDCMD@i                                cstackBANK1  000113
LCD4B_SENDCMD@i_2487                           cstackBANK1  000115
LCD4B_SENDCMD@lcd                              cstackBANK1  00010E
LCD4B_SENDCMD@pinptr                           cstackBANK1  000117
LCD4B_SENDCMD@ret                              cstackBANK1  000112
LCD4B_SENDSTR@lcd                              cstackBANK1  000118
LCD4B_SENDSTR@length                           cstackBANK1  00011B
LCD4B_SENDSTR@str                              cstackBANK1  000119
LCD4B_SENDSTR@str_old                          cstackBANK1  00011A
LCD4B_SENDSTRPOS@column                        cstackBANK1  000121
LCD4B_SENDSTRPOS@lcd                           cstackBANK1  00011E
LCD4B_SENDSTRPOS@row                           cstackBANK1  000120
LCD4B_SENDSTRPOS@str                           cstackBANK1  00011F
LCD4B_SET@F3672                                bssBANK0     000091
LCD4B_SET@F3675                                bssBANK0     000090
LCD4B_SET@i                                    cstackBANK1  00011B
LCD4B_SET@lcd                                  cstackBANK1  000118
LCD4B_SET@pinptr                               cstackBANK1  00011E
LCD4B_SET@pinptr_2461                          cstackBANK1  00011D
PINSTART@pinconfig                             cstackBANK1  00010A
PINSTART@ret                                   cstackBANK1  000111
PINWRITE@log                                   cstackBANK1  000104
PINWRITE@pinconfig                             cstackBANK1  000102
PINWRITE@ret                                   cstackBANK0  0000FD
ReadTemp@addr                                  cstackBANK0  0000E4
ReadTemp@temp                                  cstackBANK0  0000E5
_ADCON0                                        (abs)        000FC2
_ADCON0bits                                    (abs)        000FC2
_ADCON1                                        (abs)        000FC1
_ADCON2                                        (abs)        000FC0
_ADC_DefaultInterruptHandler                   text67       003602
_ADC_GetConversion                             text64       002FB0
_ADC_ISR                                       text66       003122
_ADC_Initialize                                text15       003308
_ADC_InterruptHandler                          nvCOMRAM     00003E
_ADC_SetInterruptHandler                       text16       003546
_ADRESH                                        (abs)        000FC4
_ADRESL                                        (abs)        000FC3
_ANSEL                                         (abs)        000F7E
_ANSELH                                        (abs)        000F7F
_BAUDCON                                       (abs)        000FB8
_DateArray                                     text23       0030C6
_EEADR                                         (abs)        000FA9
_EEADRH                                        (abs)        000FAA
_EECON1bits                                    (abs)        000FA6
_EECON2                                        (abs)        000FA7
_EEDATA                                        (abs)        000FA8
_EEPROMreading                                 bssBANK0     000092
_EUSART_DefaultErrorHandler                    (abs)        000000
_EUSART_DefaultFramingErrorHandler             (abs)        000000
_EUSART_DefaultOverrunErrorHandler             (abs)        000000
_EUSART_ErrorHandler                           nvBANK1      000144
_EUSART_FramingErrorHandler                    nvBANK0      0000FE
_EUSART_Initialize                             text11       002EE6
_EUSART_OverrunErrorHandler                    nvBANK1      000146
_EUSART_SendString                             text21       002CE8
_EUSART_SetErrorHandler                        text14       00353C
_EUSART_SetFramingErrorHandler                 text13       003532
_EUSART_SetOverrunErrorHandler                 text12       003528
_EUSART_Write                                  text22       0033F8
_EXTEEPROM_ReadByte                            text47       003410
_EXTEEPROM_WriteByte                           text45       003470
_EXT_INT_Initialize                            text7        002FF0
_GetDataAndTime                                text24       0029B4
_I2C_CallbackReturnReset                       text108      0035F0
_I2C_CallbackReturnStop                        text109      0035F4
_I2C_Close                                     text60       0030F4
_I2C_DO_ADDRESS_NACK                           text85       002B58
_I2C_DO_IDLE                                   text99       0034F4
_I2C_DO_RCEN                                   text94       0034E8
_I2C_DO_RESET                                  text86       0034DC
_I2C_DO_RX                                     text95       002514
_I2C_DO_RX_ACK                                 text89       00358A
_I2C_DO_RX_NACK_RESTART                        text87       00357A
_I2C_DO_RX_NACK_STOP                           text88       003582
_I2C_DO_SEND_ADR_READ                          text98       0034BE
_I2C_DO_SEND_ADR_WRITE                         text97       0034AE
_I2C_DO_SEND_RESTART                           text91       00359A
_I2C_DO_SEND_RESTART_READ                      text93       0035AA
_I2C_DO_SEND_RESTART_WRITE                     text92       0035A2
_I2C_DO_SEND_STOP                              text90       003592
_I2C_DO_TX                                     text96       002248
_I2C_DO_TX_EMPTY                               text100      0027E4
_I2C_Initialize                                text6        003486
_I2C_MasterClearIrq                            text63       0035DC
_I2C_MasterClose                               text62       0035D8
_I2C_MasterDisableIrq                          text61       0035D4
_I2C_MasterEnableIrq                           text56       0035CC
_I2C_MasterEnableRestart                       text119      0035FC
_I2C_MasterFsm                                 text83       002946
_I2C_MasterGetRxData                           text105      0035E8
_I2C_MasterIsNack                              text102      00349A
_I2C_MasterIsr                                 text82       0035BA
_I2C_MasterOpen                                text55       0033BE
_I2C_MasterOperation                           text58       002F2A
_I2C_MasterSendAck                             text104      0035C0
_I2C_MasterSendNack                            text106      0035C6
_I2C_MasterSendTxData                          text103      0035B2
_I2C_MasterSetIrq                              text101      0035E4
_I2C_MasterStart                               text59       0035D0
_I2C_MasterStartRx                             text107      0035EC
_I2C_MasterStop                                text118      0035F8
_I2C_MasterWrite                               text57       00355A
_I2C_Open                                      text53       0025BA
_I2C_Read1ByteRegister                         text48       002766
_I2C_SetAddressNackCallback                    text51       003440
_I2C_SetBuffer                                 text50       003376
_I2C_SetCallback                               text52       002A1E
_I2C_SetDataCompleteCallback                   text49       003428
_I2C_SetInterruptHandler                       text54       003550
_I2C_Status                                    bssBANK0     000060
_I2C_Write1ByteRegister                        text46       002860
_INT0_CallBack                                 text79       003202
_INT0_DefaultInterruptHandler                  text80       003608
_INT0_ISR                                      text78       003572
_INT0_InterruptHandler                         nvCOMRAM     00003C
_INT0_SetInterruptHandler                      text10       00351E
_INT1_CallBack                                 text75       0031D6
_INT1_DefaultInterruptHandler                  text76       003606
_INT1_ISR                                      text74       00356A
_INT1_InterruptHandler                         nvCOMRAM     00003A
_INT1_SetInterruptHandler                      text9        003514
_INT2_CallBack                                 text71       0031AA
_INT2_DefaultInterruptHandler                  text72       003604
_INT2_ISR                                      text70       003562
_INT2_InterruptHandler                         nvCOMRAM     000038
_INT2_SetInterruptHandler                      text8        00350A
_INTCON2bits                                   (abs)        000FF1
_INTCON3bits                                   (abs)        000FF0
_INTCONbits                                    (abs)        000FF2
_INTERRUPT_Initialize                          text5        0034CE
_INTERRUPT_InterruptManagerHigh                intcode      000008
_INTERRUPT_InterruptManagerLow                 intcodelo    000018
_IPR1bits                                      (abs)        000F9F
_IPR2bits                                      (abs)        000FA2
_LATA                                          (abs)        000F89
_LATAbits                                      (abs)        000F89
_LATB                                          (abs)        000F8A
_LATC                                          (abs)        000F8B
_LATD                                          (abs)        000F8C
_LATE                                          (abs)        000F8D
_LAT_Reg                                       dataBANK0    0000B6
_LCD4B_SENDCHAR                                text32       001AE4
_LCD4B_SENDCMD                                 text29       001940
_LCD4B_SENDSTR                                 text30       002DAA
_LCD4B_SENDSTRPOS                              text27       002AF2
_LCD4B_SET                                     text25       001766
_LCDtemp                                       bssBANK0     0000A8
_MSSP_InterruptHandler                         bssCOMRAM    00002C
_OSCCON                                        (abs)        000FD3
_OSCILLATOR_Initialize                         text4        003500
_OSCTUNE                                       (abs)        000F9B
_PIE1bits                                      (abs)        000F9D
_PIE2bits                                      (abs)        000FA0
_PINSTART                                      text26       001C88
_PINWRITE                                      text34       001DEE
_PIN_MANAGER_Initialize                        text3        003064
_PIR1bits                                      (abs)        000F9E
_PIR2bits                                      (abs)        000FA1
_PORTA                                         (abs)        000F80
_PORTB                                         (abs)        000F81
_PORTC                                         (abs)        000F82
_PORTD                                         (abs)        000F83
_PORTE                                         (abs)        000F84
_PORT_Reg                                      dataBANK0    0000AC
_PrintDateUART                                 text20       002C86
_PrintTimeUART                                 text18       002C24
_RCONbits                                      (abs)        000FD0
_RCREG                                         (abs)        000FAE
_RCSTA                                         (abs)        000FAB
_RCSTAbits                                     (abs)        000FAB
_ReadTemp                                      text17       0033E0
_SPBRG                                         (abs)        000FAF
_SPBRGH                                        (abs)        000FB0
_SSPADD                                        (abs)        000FC8
_SSPBUF                                        (abs)        000FC9
_SSPCON1                                       (abs)        000FC6
_SSPCON1bits                                   (abs)        000FC6
_SSPCON2                                       (abs)        000FC5
_SSPCON2bits                                   (abs)        000FC5
_SSPSTAT                                       (abs)        000FC7
_SSPSTATbits                                   (abs)        000FC7
_SYSTEM_Initialize                             text2        00332E
_TABLAT                                        (abs)        000FF5
_TBLPTRH                                       (abs)        000FF7
_TBLPTRL                                       (abs)        000FF6
_TBLPTRU                                       (abs)        000FF8
_TCA7temp                                      bssBANK0     000093
_TRISA                                         (abs)        000F92
_TRISB                                         (abs)        000F93
_TRISC                                         (abs)        000F94
_TRISD                                         (abs)        000F95
_TRISE                                         (abs)        000F96
_TRIS_Reg                                      dataBANK0    0000C0
_TXREG                                         (abs)        000FAD
_TXSTA                                         (abs)        000FAC
_TXSTAbits                                     (abs)        000FAC
_TimeArray                                     text19       003098
_WPUB                                          (abs)        000F7C
__Date                                         bssCOMRAM    000035
__HRAM                                         (abs)        000000
__H__absolute__                                __absolute__ 000000
__Habs1                                        abs1         000000
__Hbank0                                       bank0        000000
__Hbank1                                       bank1        000000
__Hbank10                                      bank10       000000
__Hbank11                                      bank11       000000
__Hbank12                                      bank12       000000
__Hbank13                                      bank13       000000
__Hbank14                                      bank14       000000
__Hbank15                                      bank15       000000
__Hbank2                                       bank2        000000
__Hbank3                                       bank3        000000
__Hbank4                                       bank4        000000
__Hbank5                                       bank5        000000
__Hbank6                                       bank6        000000
__Hbank7                                       bank7        000000
__Hbank8                                       bank8        000000
__Hbank9                                       bank9        000000
__Hbigbss                                      bigbss       000000
__Hbigdata                                     bigdata      000000
__Hbigram                                      bigram       000000
__Hbigsfr                                      bigsfr       000000
__Hbss                                         bss          000000
__HbssBANK0                                    bssBANK0     000000
__HbssBANK1                                    bssBANK1     000000
__HbssCOMRAM                                   bssCOMRAM    000000
__Hcinit                                       cinit        000000
__Hclrtext                                     clrtext      000000
__Hcomram                                      comram       000000
__Hconfig                                      config       30000E
__Hconst                                       const        000000
__HcstackBANK0                                 cstackBANK0  000000
__HcstackBANK1                                 cstackBANK1  000000
__HcstackCOMRAM                                cstackCOMRAM 000000
__Hdata                                        data         000000
__HdataBANK0                                   dataBANK0    000000
__HdataCOMRAM                                  dataCOMRAM   000000
__Heeprom_data                                 eeprom_data  000000
__Hfarbss                                      farbss       000000
__Hfardata                                     fardata      000000
__Hheap                                        heap         000000
__Hibigdata                                    ibigdata     000000
__Hidata                                       idata        000000
__HidataBANK0                                  idataBANK0   000000
__HidataCOMRAM                                 idataCOMRAM  000000
__Hidloc                                       idloc        000000
__Hifardata                                    ifardata     000000
__Hinit                                        init         00006A
__Hintcode                                     intcode      00000E
__Hintcode_body                                intcode_body 000000
__Hintcodelo                                   intcodelo    000066
__Hintentry                                    intentry     000000
__Hintret                                      intret       000000
__Hintsave_regs                                intsave_regs 000000
__Hirdata                                      irdata       000000
__Hmediumconst                                 mediumconst  000000
__HnvBANK0                                     nvBANK0      000000
__HnvBANK1                                     nvBANK1      000000
__HnvCOMRAM                                    nvCOMRAM     000000
__HnvFARRAM                                    nvFARRAM     000000
__Hnvbit                                       nvbit        000000
__Hnvrram                                      nvrram       000000
__Hparam                                       rparam       000000
__Hpowerup                                     powerup      000066
__Hram                                         ram          000000
__Hramtop                                      ramtop       001000
__Hrbit                                        rbit         000000
__Hrbss                                        rbss         000000
__Hrdata                                       rdata        000000
__Hreset_vec                                   reset_vec    000004
__Hrparam                                      rparam       000000
__Hsfr                                         sfr          000000
__Hsmallconst                                  smallconst   0010A8
__Hspace_0                                     (abs)        00360B
__Hspace_1                                     (abs)        000148
__Hspace_2                                     (abs)        000000
__Hspace_4                                     (abs)        60000E
__Hstack                                       stack        000000
__Hstruct                                      struct       000000
__Htemp                                        temp         000042
__Htext                                        text         000000
__Htext0                                       text0        000000
__Htext1                                       text1        000000
__Htext10                                      text10       000000
__Htext100                                     text100      000000
__Htext101                                     text101      000000
__Htext102                                     text102      000000
__Htext103                                     text103      000000
__Htext104                                     text104      000000
__Htext105                                     text105      000000
__Htext106                                     text106      000000
__Htext107                                     text107      000000
__Htext108                                     text108      000000
__Htext109                                     text109      000000
__Htext11                                      text11       000000
__Htext110                                     text110      000000
__Htext111                                     text111      000000
__Htext112                                     text112      000000
__Htext113                                     text113      000000
__Htext114                                     text114      000000
__Htext115                                     text115      000000
__Htext116                                     text116      000000
__Htext117                                     text117      000000
__Htext118                                     text118      000000
__Htext119                                     text119      000000
__Htext12                                      text12       000000
__Htext120                                     text120      000000
__Htext13                                      text13       000000
__Htext14                                      text14       000000
__Htext15                                      text15       000000
__Htext16                                      text16       000000
__Htext17                                      text17       000000
__Htext18                                      text18       000000
__Htext19                                      text19       000000
__Htext2                                       text2        000000
__Htext20                                      text20       000000
__Htext21                                      text21       000000
__Htext22                                      text22       000000
__Htext23                                      text23       000000
__Htext24                                      text24       000000
__Htext25                                      text25       000000
__Htext26                                      text26       000000
__Htext27                                      text27       000000
__Htext28                                      text28       000000
__Htext29                                      text29       000000
__Htext3                                       text3        000000
__Htext30                                      text30       000000
__Htext31                                      text31       000000
__Htext32                                      text32       000000
__Htext33                                      text33       000000
__Htext34                                      text34       000000
__Htext35                                      text35       000000
__Htext36                                      text36       000000
__Htext37                                      text37       000000
__Htext38                                      text38       000000
__Htext39                                      text39       000000
__Htext4                                       text4        000000
__Htext40                                      text40       000000
__Htext41                                      text41       000000
__Htext42                                      text42       000000
__Htext43                                      text43       000000
__Htext44                                      text44       000000
__Htext45                                      text45       000000
__Htext46                                      text46       000000
__Htext47                                      text47       000000
__Htext48                                      text48       000000
__Htext49                                      text49       000000
__Htext5                                       text5        000000
__Htext50                                      text50       000000
__Htext51                                      text51       000000
__Htext52                                      text52       000000
__Htext53                                      text53       000000
__Htext54                                      text54       000000
__Htext55                                      text55       000000
__Htext56                                      text56       000000
__Htext57                                      text57       000000
__Htext58                                      text58       000000
__Htext59                                      text59       000000
__Htext6                                       text6        000000
__Htext60                                      text60       000000
__Htext61                                      text61       000000
__Htext62                                      text62       000000
__Htext63                                      text63       000000
__Htext64                                      text64       000000
__Htext66                                      text66       000000
__Htext67                                      text67       000000
__Htext68                                      text68       000000
__Htext7                                       text7        000000
__Htext70                                      text70       000000
__Htext71                                      text71       000000
__Htext72                                      text72       000000
__Htext73                                      text73       000000
__Htext74                                      text74       000000
__Htext75                                      text75       000000
__Htext76                                      text76       000000
__Htext77                                      text77       000000
__Htext78                                      text78       000000
__Htext79                                      text79       000000
__Htext8                                       text8        000000
__Htext80                                      text80       000000
__Htext81                                      text81       000000
__Htext82                                      text82       000000
__Htext83                                      text83       000000
__Htext84                                      text84       000000
__Htext85                                      text85       000000
__Htext86                                      text86       000000
__Htext87                                      text87       000000
__Htext88                                      text88       000000
__Htext89                                      text89       000000
__Htext9                                       text9        000000
__Htext90                                      text90       000000
__Htext91                                      text91       000000
__Htext92                                      text92       000000
__Htext93                                      text93       000000
__Htext94                                      text94       000000
__Htext95                                      text95       000000
__Htext96                                      text96       000000
__Htext97                                      text97       000000
__Htext98                                      text98       000000
__Htext99                                      text99       000000
__LRAM                                         (abs)        000001
__L__absolute__                                __absolute__ 000000
__Labs1                                        abs1         000000
__Lbank0                                       bank0        000000
__Lbank1                                       bank1        000000
__Lbank10                                      bank10       000000
__Lbank11                                      bank11       000000
__Lbank12                                      bank12       000000
__Lbank13                                      bank13       000000
__Lbank14                                      bank14       000000
__Lbank15                                      bank15       000000
__Lbank2                                       bank2        000000
__Lbank3                                       bank3        000000
__Lbank4                                       bank4        000000
__Lbank5                                       bank5        000000
__Lbank6                                       bank6        000000
__Lbank7                                       bank7        000000
__Lbank8                                       bank8        000000
__Lbank9                                       bank9        000000
__Lbigbss                                      bigbss       000000
__Lbigdata                                     bigdata      000000
__Lbigram                                      bigram       000000
__Lbigsfr                                      bigsfr       000000
__Lbss                                         bss          000000
__LbssBANK0                                    bssBANK0     000000
__LbssBANK1                                    bssBANK1     000000
__LbssCOMRAM                                   bssCOMRAM    000000
__Lcinit                                       cinit        000000
__Lclrtext                                     clrtext      000000
__Lcomram                                      comram       000000
__Lconfig                                      config       000000
__Lconst                                       const        000000
__LcstackBANK0                                 cstackBANK0  000000
__LcstackBANK1                                 cstackBANK1  000000
__LcstackCOMRAM                                cstackCOMRAM 000000
__Ldata                                        data         000000
__LdataBANK0                                   dataBANK0    000000
__LdataCOMRAM                                  dataCOMRAM   000000
__Leeprom_data                                 eeprom_data  000000
__Lfarbss                                      farbss       000000
__Lfardata                                     fardata      000000
__Lheap                                        heap         000000
__Libigdata                                    ibigdata     000000
__Lidata                                       idata        000000
__LidataBANK0                                  idataBANK0   000000
__LidataCOMRAM                                 idataCOMRAM  000000
__Lidloc                                       idloc        000000
__Lifardata                                    ifardata     000000
__Linit                                        init         000066
__Lintcode                                     intcode      000008
__Lintcode_body                                intcode_body 000000
__Lintcodelo                                   intcodelo    000018
__Lintentry                                    intentry     000000
__Lintret                                      intret       000000
__Lintsave_regs                                intsave_regs 000000
__Lirdata                                      irdata       000000
__Lmediumconst                                 mediumconst  000000
__LnvBANK0                                     nvBANK0      000000
__LnvBANK1                                     nvBANK1      000000
__LnvCOMRAM                                    nvCOMRAM     000000
__LnvFARRAM                                    nvFARRAM     000000
__Lnvbit                                       nvbit        000000
__Lnvrram                                      nvrram       000000
__Lparam                                       rparam       000000
__Lpowerup                                     powerup      000066
__Lram                                         ram          000000
__Lramtop                                      ramtop       001000
__Lrbit                                        rbit         000000
__Lrbss                                        rbss         000000
__Lrdata                                       rdata        000000
__Lreset_vec                                   reset_vec    000000
__Lrparam                                      rparam       000000
__Lsfr                                         sfr          000000
__Lsmallconst                                  smallconst   001000
__Lspace_0                                     (abs)        000000
__Lspace_1                                     (abs)        000000
__Lspace_2                                     (abs)        000000
__Lspace_4                                     (abs)        000000
__Lstack                                       stack        000000
__Lstruct                                      struct       000000
__Ltemp                                        temp         000041
__Ltext                                        text         000000
__Ltext0                                       text0        000000
__Ltext1                                       text1        000000
__Ltext10                                      text10       000000
__Ltext100                                     text100      000000
__Ltext101                                     text101      000000
__Ltext102                                     text102      000000
__Ltext103                                     text103      000000
__Ltext104                                     text104      000000
__Ltext105                                     text105      000000
__Ltext106                                     text106      000000
__Ltext107                                     text107      000000
__Ltext108                                     text108      000000
__Ltext109                                     text109      000000
__Ltext11                                      text11       000000
__Ltext110                                     text110      000000
__Ltext111                                     text111      000000
__Ltext112                                     text112      000000
__Ltext113                                     text113      000000
__Ltext114                                     text114      000000
__Ltext115                                     text115      000000
__Ltext116                                     text116      000000
__Ltext117                                     text117      000000
__Ltext118                                     text118      000000
__Ltext119                                     text119      000000
__Ltext12                                      text12       000000
__Ltext120                                     text120      000000
__Ltext13                                      text13       000000
__Ltext14                                      text14       000000
__Ltext15                                      text15       000000
__Ltext16                                      text16       000000
__Ltext17                                      text17       000000
__Ltext18                                      text18       000000
__Ltext19                                      text19       000000
__Ltext2                                       text2        000000
__Ltext20                                      text20       000000
__Ltext21                                      text21       000000
__Ltext22                                      text22       000000
__Ltext23                                      text23       000000
__Ltext24                                      text24       000000
__Ltext25                                      text25       000000
__Ltext26                                      text26       000000
__Ltext27                                      text27       000000
__Ltext28                                      text28       000000
__Ltext29                                      text29       000000
__Ltext3                                       text3        000000
__Ltext30                                      text30       000000
__Ltext31                                      text31       000000
__Ltext32                                      text32       000000
__Ltext33                                      text33       000000
__Ltext34                                      text34       000000
__Ltext35                                      text35       000000
__Ltext36                                      text36       000000
__Ltext37                                      text37       000000
__Ltext38                                      text38       000000
__Ltext39                                      text39       000000
__Ltext4                                       text4        000000
__Ltext40                                      text40       000000
__Ltext41                                      text41       000000
__Ltext42                                      text42       000000
__Ltext43                                      text43       000000
__Ltext44                                      text44       000000
__Ltext45                                      text45       000000
__Ltext46                                      text46       000000
__Ltext47                                      text47       000000
__Ltext48                                      text48       000000
__Ltext49                                      text49       000000
__Ltext5                                       text5        000000
__Ltext50                                      text50       000000
__Ltext51                                      text51       000000
__Ltext52                                      text52       000000
__Ltext53                                      text53       000000
__Ltext54                                      text54       000000
__Ltext55                                      text55       000000
__Ltext56                                      text56       000000
__Ltext57                                      text57       000000
__Ltext58                                      text58       000000
__Ltext59                                      text59       000000
__Ltext6                                       text6        000000
__Ltext60                                      text60       000000
__Ltext61                                      text61       000000
__Ltext62                                      text62       000000
__Ltext63                                      text63       000000
__Ltext64                                      text64       000000
__Ltext66                                      text66       000000
__Ltext67                                      text67       000000
__Ltext68                                      text68       000000
__Ltext7                                       text7        000000
__Ltext70                                      text70       000000
__Ltext71                                      text71       000000
__Ltext72                                      text72       000000
__Ltext73                                      text73       000000
__Ltext74                                      text74       000000
__Ltext75                                      text75       000000
__Ltext76                                      text76       000000
__Ltext77                                      text77       000000
__Ltext78                                      text78       000000
__Ltext79                                      text79       000000
__Ltext8                                       text8        000000
__Ltext80                                      text80       000000
__Ltext81                                      text81       000000
__Ltext82                                      text82       000000
__Ltext83                                      text83       000000
__Ltext84                                      text84       000000
__Ltext85                                      text85       000000
__Ltext86                                      text86       000000
__Ltext87                                      text87       000000
__Ltext88                                      text88       000000
__Ltext89                                      text89       000000
__Ltext9                                       text9        000000
__Ltext90                                      text90       000000
__Ltext91                                      text91       000000
__Ltext92                                      text92       000000
__Ltext93                                      text93       000000
__Ltext94                                      text94       000000
__Ltext95                                      text95       000000
__Ltext96                                      text96       000000
__Ltext97                                      text97       000000
__Ltext98                                      text98       000000
__Ltext99                                      text99       000000
__S0                                           (abs)        00360B
__S1                                           (abs)        000148
__S4                                           (abs)        000000
__S5                                           (abs)        000000
__Time                                         bssCOMRAM    000032
___aldiv                                       text44       00204C
___aldiv@counter                               cstackBANK0  0000E0
___aldiv@dividend                              cstackBANK0  0000D8
___aldiv@divisor                               cstackBANK0  0000DC
___aldiv@quotient                              cstackBANK0  0000E2
___aldiv@sign                                  cstackBANK0  0000E1
___almod                                       text43       00215A
___almod@counter                               cstackBANK0  0000E0
___almod@dividend                              cstackBANK0  0000D8
___almod@divisor                               cstackBANK0  0000DC
___almod@sign                                  cstackBANK0  0000E1
___heap_hi                                     (abs)        000000
___heap_lo                                     (abs)        000000
___inthi_sp                                    stack        000000
___inthi_stack_hi                              stack        000000
___inthi_stack_lo                              stack        000000
___intlo_sp                                    stack        000000
___intlo_stack_hi                              stack        000000
___intlo_stack_lo                              stack        000000
___lldiv                                       text42       00246E
___lldiv@counter                               cstackBANK0  0000E0
___lldiv@dividend                              cstackBANK0  0000D8
___lldiv@divisor                               cstackBANK0  0000DC
___lldiv@quotient                              cstackBANK0  0000E1
___llmod                                       text41       00265C
___llmod@counter                               cstackBANK0  0000E0
___llmod@dividend                              cstackBANK0  0000D8
___llmod@divisor                               cstackBANK0  0000DC
___param_bank                                  (abs)        000000
___rparam_used                                 (abs)        000001
___sp                                          stack        000000
___stack_hi                                    stack        000000
___stack_lo                                    stack        000000
__accesstop                                    (abs)        000060
__activetblptr                                 (abs)        000003
__end_of_ADC_DefaultInterruptHandler           text67       003604
__end_of_ADC_GetConversion                     text64       002FF0
__end_of_ADC_ISR                               text66       003150
__end_of_ADC_Initialize                        text15       00332E
__end_of_ADC_SetInterruptHandler               text16       003550
__end_of_DateArray                             text23       0030F4
__end_of_EUSART_Initialize                     text11       002F2A
__end_of_EUSART_SendString                     text21       002D4A
__end_of_EUSART_SetErrorHandler                text14       003546
__end_of_EUSART_SetFramingErrorHandler         text13       00353C
__end_of_EUSART_SetOverrunErrorHandler         text12       003532
__end_of_EUSART_Write                          text22       003410
__end_of_EXTEEPROM_ReadByte                    text47       003428
__end_of_EXTEEPROM_WriteByte                   text45       003486
__end_of_EXT_INT_Initialize                    text7        00302E
__end_of_GetDataAndTime                        text24       002A1E
[...]
__ptext5                                       text5        0034CE
__ptext50                                      text50       003376
__ptext51                                      text51       003440
__ptext52                                      text52       002A1E
__ptext53                                      text53       0025BA
__ptext54                                      text54       003550
__ptext55                                      text55       0033BE
__ptext56                                      text56       0035CC
__ptext57                                      text57       00355A
__ptext58                                      text58       002F2A
__ptext59                                      text59       0035D0
__ptext6                                       text6        003486
__ptext60                                      text60       0030F4
__ptext61                                      text61       0035D4
__ptext62                                      text62       0035D8
__ptext63                                      text63       0035DC
__ptext64                                      text64       002FB0
__ptext66                                      text66       003122
__ptext67                                      text67       003602
__ptext68                                      text68       002A88
__ptext7                                       text7        002FF0
__ptext70                                      text70       003562
__ptext71                                      text71       0031AA
__ptext72                                      text72       003604
__ptext73                                      text73       0032DE
__ptext74                                      text74       00356A
__ptext75                                      text75       0031D6
__ptext76                                      text76       003606
__ptext77                                      text77       003150
__ptext78                                      text78       003572
__ptext79                                      text79       003202
__ptext8                                       text8        00350A
__ptext80                                      text80       003608
__ptext81                                      text81       0026E6
__ptext82                                      text82       0035BA
__ptext83                                      text83       002946
__ptext84                                      text84       0035E0
__ptext85                                      text85       002B58
__ptext86                                      text86       0034DC
__ptext87                                      text87       00357A
__ptext88                                      text88       003582
__ptext89                                      text89       00358A
__ptext9                                       text9        003514
__ptext90                                      text90       003592
__ptext91                                      text91       00359A
__ptext92                                      text92       0035A2
__ptext93                                      text93       0035AA
__ptext94                                      text94       0034E8
__ptext95                                      text95       002514
__ptext96                                      text96       002248
__ptext97                                      text97       0034AE
__ptext98                                      text98       0034BE
__ptext99                                      text99       0034F4
__ramtop                                       ramtop       001000
__smallconst                                   smallconst   001000
_abs                                           text40       00302E
_autocont                                      dataCOMRAM   000040
_datestr                                       bssBANK0     000094
_dbuf                                          bssBANK1     000124
_doorlightauto                                 dataBANK0    0000CA
_dt                                            bssCOMRAM    000021
_eusartRxLastError                             bssCOMRAM    000031
_flags                                         bssCOMRAM    00002E
_fputc                                         text38       00230C
_homelightauto                                 dataBANK0    0000CB
_i2c_fsmStateTable                             smallconst   001001
_lcd                                           dataBANK0    0000CC
_lightSwitch                                   text68       002A88
_lightread                                     bssBANK0     00008B
_main                                          text0        001564
_manual_Doorlight                              text73       0032DE
_manual_Override                               text81       0026E6
_manual_homelight                              text77       003150
_prec                                          bssCOMRAM    00002A
_printf                                        text35       003352
_putch                                         text39       003600
_rd1RegCompleteHandler                         text113      003286
_rd2RegCompleteHandler                         text112      00325A
_rdBlkRegCompleteHandler                       text110      002F6E
_sendenable                                    text33       0028D4
_setcursor4bit                                 text28       0023C8
_sprintf                                       text1        002EA0
_strlen                                        text31       002E00
_timer                                         bssBANK0     000084
_timestr                                       bssBANK0     00009E
_vfpfcnvrt                                     text37       0010A8
_vfprintf                                      text36       002E54
_width                                         bssCOMRAM    000028
_wr1RegCompleteHandler                         text111      00322E
_wr2RegCompleteHandler                         text114      0032B2
abs@a                                          cstackBANK0  0000E2
btemp                                          temp         000041
end_of_initialization                          cinit        002DA0
fputc@c                                        cstackBANK0  0000D8
fputc@fp                                       cstackBANK0  0000DA
i2I2C_SetBuffer@buffer                         cstackCOMRAM 000001
i2I2C_SetBuffer@bufferSize                     cstackCOMRAM 000003
i2I2C_SetCallback@cb                           cstackCOMRAM 000001
i2I2C_SetCallback@idx                          cstackCOMRAM 000005
i2I2C_SetCallback@ptr                          cstackCOMRAM 000003
i2I2C_SetDataCompleteCallback@cb               cstackCOMRAM 000006
i2I2C_SetDataCompleteCallback@ptr              cstackCOMRAM 000008
i2_I2C_MasterClearIrq                          text84       0035E0
i2_I2C_SetBuffer                               text117      00339A
i2_I2C_SetCallback                             text116      002BBE
i2_I2C_SetDataCompleteCallback                 text115      003458
int$flags                                      temp         000041
int_func                                       intcode_body 001F34
intlevel0                                      text         000000
intlevel1                                      text         000000
intlevel2                                      text         000000
intlevel3                                      text         000000
isa$std                                        (abs)        000001
isa$xinst                                      (abs)        000000
printf@ap                                      cstackBANK1  000100
printf@fmt                                     cstackBANK0  0000FC
rd1RegCompleteHandler@ptr                      cstackCOMRAM 00000A
rd2RegCompleteHandler@ptr                      cstackCOMRAM 00000A
rdBlkRegCompleteHandler@ptr                    cstackCOMRAM 00000A
send4bit@F3726                                 bssCOMRAM    00002F
sendenable@F3731                               bssBANK0     00008D
sendenable@lcd                                 cstackBANK1  00010A
sendenable@pinEN                               cstackBANK1  00010D
sendenable@ret                                 cstackBANK1  00010C
setcursor4bit@col                              cstackBANK1  00011A
setcursor4bit@lcd                              cstackBANK1  000118
setcursor4bit@ret                              cstackBANK1  00011D
setcursor4bit@row                              cstackBANK1  000119
sprintf@ap                                     cstackBANK1  000106
sprintf@f                                      cstackBANK1  000108
sprintf@fmt                                    cstackBANK1  000101
sprintf@s                                      cstackBANK1  000100
stackhi                                        (abs)        000000
stacklo                                        (abs)        000000
start                                          init         000066
start_initialization                           cinit        002D4A
strlen@a                                       cstackBANK0  0000DA
strlen@s                                       cstackBANK0  0000D8
ttemp5                                         temp         000042
ttemp6                                         temp         000045
ttemp7                                         temp         000049
vfpfcnvrt@ap                                   cstackBANK0  0000E9
vfpfcnvrt@c                                    cstackBANK0  0000F5
vfpfcnvrt@convarg                              cstackBANK0  0000F1
vfpfcnvrt@cp                                   cstackBANK0  0000F0
vfpfcnvrt@done                                 cstackBANK0  0000EF
vfpfcnvrt@fmt                                  cstackBANK0  0000E8
vfpfcnvrt@fp                                   cstackBANK0  0000E6
vfprintf@ap                                    cstackBANK0  0000F9
vfprintf@cfmt                                  cstackBANK0  0000FB
vfprintf@fmt                                   cstackBANK0  0000F8
vfprintf@fp                                    cstackBANK0  0000F6
wr1RegCompleteHandler@ptr                      cstackCOMRAM 00000A
wr2RegCompleteHandler@ptr                      cstackCOMRAM 00000A
wtemp8                                         temp         000042


MODULE INFORMATION

Module		Function		Class		Link	Load	Size
C:\Program Files\Microchip\xc8\v2.45\pic\sources\c99\common\aldiv.c
		___aldiv       		CODE           	204C	0000	270

C:\Program Files\Microchip\xc8\v2.45\pic\sources\c99\common\aldiv.c estimated size: 270

mcc_generated_files/interrupt_manager.c
		_INTERRUPT_Initialize		CODE           	34CE	0000	14
		_INTERRUPT_InterruptManagerLow		CODE           	0018	0000	78
		_INTERRUPT_InterruptManagerHigh		CODE           	0008	0000	286

mcc_generated_files/interrupt_manager.c estimated size: 378

AECUL/TC74/TC74.c
		_ReadTemp      		CODE           	33E0	0000	24

AECUL/TC74/TC74.c estimated size: 24

mcc_generated_files/examples/i2c_master_example.c
		_wr1RegCompleteHandler		CODE           	322E	0000	44
		_wr2RegCompleteHandler		CODE           	32B2	0000	44
		_I2C_Write1ByteRegister		CODE           	2860	0000	116
		_I2C_Read1ByteRegister		CODE           	2766	0000	126
		_rdBlkRegCompleteHandler		CODE           	2F6E	0000	66
		_rd1RegCompleteHandler		CODE           	3286	0000	44
		_rd2RegCompleteHandler		CODE           	325A	0000	44

mcc_generated_files/examples/i2c_master_example.c estimated size: 484

AECUL/RealTimerClockDS1307/RealTimerClock.c
		_DateArray     		CODE           	30C6	0000	46
		_EUSART_SendString		CODE           	2CE8	0000	98
		_GetDataAndTime		CODE           	29B4	0000	106
		_TimeArray     		CODE           	3098	0000	46
		_PrintDateUART 		CODE           	2C86	0000	98
		_PrintTimeUART 		CODE           	2C24	0000	98

AECUL/RealTimerClockDS1307/RealTimerClock.c estimated size: 492

mcc_generated_files/pin_manager.c
		_PIN_MANAGER_Initialize		CODE           	3064	0000	52

mcc_generated_files/pin_manager.c estimated size: 52

C:\Program Files\Microchip\xc8\v2.45\pic\sources\c99\common\printf.c
		_printf        		CODE           	3352	0000	36

C:\Program Files\Microchip\xc8\v2.45\pic\sources\c99\common\printf.c estimated size: 36

mcc_generated_files/adc.c
		_ADC_DefaultInterruptHandler		CODE           	3602	0000	2
		_ADC_Initialize		CODE           	3308	0000	38
		_ADC_SetInterruptHandler		CODE           	3546	0000	10
		_ADC_GetConversion		CODE           	2FB0	0000	64
		_ADC_ISR       		CODE           	3122	0000	46

mcc_generated_files/adc.c estimated size: 160

AECUL/LCD_LM016L/LCD.c
		_LCD4B_SENDCHAR		CODE           	1AE4	0000	420
		_PINSTART      		CODE           	1C88	0000	358
		_PINWRITE      		CODE           	1DEE	0000	326
		_setcursor4bit 		CODE           	23C8	0000	166
		_LCD4B_SENDSTRPOS		CODE           	2AF2	0000	102
		_sendenable    		CODE           	28D4	0000	114
		_LCD4B_SET     		CODE           	1766	0000	474
		_LCD4B_SENDCMD 		CODE           	1940	0000	420
		_LCD4B_SENDSTR 		CODE           	2DAA	0000	86

AECUL/LCD_LM016L/LCD.c estimated size: 2466

C:\Program Files\Microchip\xc8\v2.45\pic\sources\c99\common\nf_sprintf.c
		_sprintf       		CODE           	2EA0	0000	70

C:\Program Files\Microchip\xc8\v2.45\pic\sources\c99\common\nf_sprintf.c estimated size: 70

mcc_generated_files/ext_int.c
		_INT0_SetInterruptHandler		CODE           	351E	0000	10
		_INT1_SetInterruptHandler		CODE           	3514	0000	10
		_EXT_INT_Initialize		CODE           	2FF0	0000	62
		_INT2_SetInterruptHandler		CODE           	350A	0000	10
		_INT0_DefaultInterruptHandler		CODE           	3608	0000	2
		_INT0_CallBack 		CODE           	3202	0000	44
		_INT1_DefaultInterruptHandler		CODE           	3606	0000	2
		_INT1_CallBack 		CODE           	31D6	0000	44
		_INT2_DefaultInterruptHandler		CODE           	3604	0000	2
		_INT2_CallBack 		CODE           	31AA	0000	44
		_INT0_ISR      		CODE           	3572	0000	8
		_INT1_ISR      		CODE           	356A	0000	8
		_INT2_ISR      		CODE           	3562	0000	8

mcc_generated_files/ext_int.c estimated size: 254

AECUL/ExtEEPROM/ExtEEPROM.c
		_EXTEEPROM_WriteByte		CODE           	3470	0000	22
		_EXTEEPROM_ReadByte		CODE           	3410	0000	24

AECUL/ExtEEPROM/ExtEEPROM.c estimated size: 46

C:\Program Files\Microchip\xc8\v2.45\pic\sources\c99\common\putch.c
		_putch         		CODE           	3600	0000	2

C:\Program Files\Microchip\xc8\v2.45\pic\sources\c99\common\putch.c estimated size: 2

shared
		i2_I2C_SetBuffer		CODE           	339A	0000	36
		__initialization		CODE           	2D4A	0000	86
		i2_I2C_SetCallback		CODE           	2BBE	0000	102
		i2_I2C_SetDataCompleteCallback		CODE           	3458	0000	24
		i2_I2C_MasterClearIrq		CODE           	35E0	0000	4
		_i2c_fsmStateTable		SMALLCONST     	1001	0000	32

shared estimated size: 284

C:\Program Files\Microchip\xc8\v2.45\pic\sources\c99\common\llmod.c
		___llmod       		CODE           	265C	0000	138

C:\Program Files\Microchip\xc8\v2.45\pic\sources\c99\common\llmod.c estimated size: 138

C:\Program Files\Microchip\xc8\v2.45\pic\sources\c99\common\abs.c
		_abs           		CODE           	302E	0000	54

C:\Program Files\Microchip\xc8\v2.45\pic\sources\c99\common\abs.c estimated size: 54

C:\Program Files\Microchip\xc8\v2.45\pic\sources\c99\common\almod.c
		___almod       		CODE           	215A	0000	238

C:\Program Files\Microchip\xc8\v2.45\pic\sources\c99\common\almod.c estimated size: 238

mcc_generated_files/mcc.c
		_OSCILLATOR_Initialize		CODE           	3500	0000	10
		_SYSTEM_Initialize		CODE           	332E	0000	36

mcc_generated_files/mcc.c estimated size: 46

C:\Program Files\Microchip\xc8\v2.45\pic\sources\c99\common\__lldiv.c
		___lldiv       		CODE           	246E	0000	166

C:\Program Files\Microchip\xc8\v2.45\pic\sources\c99\common\__lldiv.c estimated size: 166

C:\Program Files\Microchip\xc8\v2.45\pic\sources\c99\common\strlen.c
		_strlen        		CODE           	2E00	0000	84

C:\Program Files\Microchip\xc8\v2.45\pic\sources\c99\common\strlen.c estimated size: 84

mcc_generated_files/i2c_master.c
		_I2C_Close     		CODE           	30F4	0000	46
		_I2C_MasterStartRx		CODE           	35EC	0000	4
		_I2C_DO_SEND_ADR_WRITE		CODE           	34AE	0000	16
		_I2C_DO_SEND_STOP		CODE           	3592	0000	8
		_I2C_MasterSendNack		CODE           	35C6	0000	6
		_I2C_MasterDisableIrq		CODE           	35D4	0000	4
		_I2C_CallbackReturnStop		CODE           	35F4	0000	4
		_I2C_MasterOperation		CODE           	2F2A	0000	68
		_I2C_DO_SEND_ADR_READ		CODE           	34BE	0000	16
		_I2C_DO_RX_NACK_STOP		CODE           	3582	0000	8
		_I2C_DO_SEND_RESTART		CODE           	359A	0000	8
		_I2C_DO_RX     		CODE           	2514	0000	166
		_I2C_DO_TX     		CODE           	2248	0000	196
		_I2C_DO_IDLE   		CODE           	34F4	0000	12
		_I2C_DO_RCEN   		CODE           	34E8	0000	12
		_I2C_DO_RESET  		CODE           	34DC	0000	12
		_I2C_MasterClose		CODE           	35D8	0000	4
		_I2C_MasterWrite		CODE           	355A	0000	8
		_I2C_DO_RX_ACK 		CODE           	358A	0000	8
		_I2C_MasterStart		CODE           	35D0	0000	4
		_I2C_MasterClearIrq		CODE           	35DC	0000	4
		_I2C_MasterGetRxData		CODE           	35E8	0000	4
		_I2C_SetCallback		CODE           	2A1E	0000	106
		_I2C_DO_ADDRESS_NACK		CODE           	2B58	0000	102
		_I2C_MasterEnableRestart		CODE           	35FC	0000	4
		_I2C_CallbackReturnReset		CODE           	35F0	0000	4
		_I2C_Open      		CODE           	25BA	0000	162
		_I2C_SetAddressNackCallback		CODE           	3440	0000	24
		_I2C_DO_TX_EMPTY		CODE           	27E4	0000	124
		_I2C_DO_SEND_RESTART_WRITE		CODE           	35A2	0000	8
		_I2C_MasterIsNack		CODE           	349A	0000	20
		_I2C_SetDataCompleteCallback		CODE           	3428	0000	24
		_I2C_DO_RX_NACK_RESTART		CODE           	357A	0000	8
		_I2C_MasterSendAck		CODE           	35C0	0000	6
		_I2C_MasterFsm 		CODE           	2946	0000	110
		_I2C_MasterIsr 		CODE           	35BA	0000	6
		_I2C_MasterSetIrq		CODE           	35E4	0000	4
		_I2C_DO_SEND_RESTART_READ		CODE           	35AA	0000	8
		_I2C_MasterEnableIrq		CODE           	35CC	0000	4
		_I2C_Initialize		CODE           	3486	0000	20
		_I2C_SetBuffer 		CODE           	3376	0000	36
		_I2C_SetInterruptHandler		CODE           	3550	0000	10
		_I2C_MasterOpen		CODE           	33BE	0000	34
		_I2C_MasterSendTxData		CODE           	35B2	0000	8
		_I2C_MasterStop		CODE           	35F8	0000	4

mcc_generated_files/i2c_master.c estimated size: 1454

mcc_generated_files/eusart.c
		_EUSART_Write  		CODE           	33F8	0000	24
		_EUSART_Initialize		CODE           	2EE6	0000	68
		_EUSART_SetFramingErrorHandler		CODE           	3532	0000	10
		_EUSART_SetErrorHandler		CODE           	353C	0000	10
		_EUSART_SetOverrunErrorHandler		CODE           	3528	0000	10

mcc_generated_files/eusart.c estimated size: 122

main.c
		_lightSwitch   		CODE           	2A88	0000	106
		_main          		CODE           	1564	0000	514
		_manual_homelight		CODE           	3150	0000	46
		_manual_Doorlight		CODE           	32DE	0000	42
		_manual_Override		CODE           	26E6	0000	128

main.c estimated size: 836

C:\Program Files\Microchip\xc8\v2.45\pic\sources\c99\common\nf_fputc.c
		_fputc         		CODE           	230C	0000	188

C:\Program Files\Microchip\xc8\v2.45\pic\sources\c99\common\nf_fputc.c estimated size: 188

C:\Program Files\Microchip\xc8\v2.45\pic\sources\c99\common\doprnt.c
		_vfpfcnvrt     		CODE           	10A8	0000	1212
		_vfprintf      		CODE           	2E54	0000	76

C:\Program Files\Microchip\xc8\v2.45\pic\sources\c99\common\doprnt.c estimated size: 1288

